EN register_bank NULL "C:/Users/hamza/Desktop/PROYECTO ARQUITECTURA/Proyecto_Final_Encriptador_Aleatorio/Proyecto_Final_Encriptador_Aleatorio/register_bank.vhd" sub00/vhpl22 1701287223
AR flip low_level_definition "C:/Users/hamza/Desktop/PROYECTO ARQUITECTURA/Proyecto_Final_Encriptador_Aleatorio/Proyecto_Final_Encriptador_Aleatorio/flip.vhd" sub00/vhpl09 1701287208
AR stack_ram low_level_definition "C:/Users/hamza/Desktop/PROYECTO ARQUITECTURA/Proyecto_Final_Encriptador_Aleatorio/Proyecto_Final_Encriptador_Aleatorio/stack_ram.vhd" sub00/vhpl27 1701287228
AR register_bank behavioral "C:/Users/hamza/Desktop/PROYECTO ARQUITECTURA/Proyecto_Final_Encriptador_Aleatorio/Proyecto_Final_Encriptador_Aleatorio/register_bank.vhd" sub00/vhpl23 1701287224
EN logical_bus_processing NULL "C:/Users/hamza/Desktop/PROYECTO ARQUITECTURA/Proyecto_Final_Encriptador_Aleatorio/Proyecto_Final_Encriptador_Aleatorio/logical_bus_processing.vhd" sub00/vhpl10 1701287211
EN shift_rotate NULL "C:/Users/hamza/Desktop/PROYECTO ARQUITECTURA/Proyecto_Final_Encriptador_Aleatorio/Proyecto_Final_Encriptador_Aleatorio/shift_rotate.vhd" sub00/vhpl06 1701287205
AR programa_helloworld_int_flip v1 "C:/Users/hamza/Desktop/PROYECTO ARQUITECTURA/Proyecto_Final_Encriptador_Aleatorio/Proyecto_Final_Encriptador_Aleatorio/programa_helloworld_int_FLIP.vhd" sub00/vhpl39 1701287240
AR picoblaze behavioral "C:/Users/hamza/Desktop/PROYECTO ARQUITECTURA/Proyecto_Final_Encriptador_Aleatorio/Proyecto_Final_Encriptador_Aleatorio/picoblaze.vhd" sub00/vhpl37 1701287238
AR addsub8 low_level_definition "C:/Users/hamza/Desktop/PROYECTO ARQUITECTURA/Proyecto_Final_Encriptador_Aleatorio/Proyecto_Final_Encriptador_Aleatorio/arithmatic.vhd" sub00/vhpl05 1701287204
AR arithmetic_process low_level_definition "C:/Users/hamza/Desktop/PROYECTO ARQUITECTURA/Proyecto_Final_Encriptador_Aleatorio/Proyecto_Final_Encriptador_Aleatorio/arithmatic.vhd" sub00/vhpl03 1701287202
AR carry_flag_logic low_level_definition "C:/Users/hamza/Desktop/PROYECTO ARQUITECTURA/Proyecto_Final_Encriptador_Aleatorio/Proyecto_Final_Encriptador_Aleatorio/carry_flag_logic.vhd" sub00/vhpl17 1701287218
EN encriptador NULL "C:/Users/hamza/Desktop/PROYECTO ARQUITECTURA/Proyecto_Final_Encriptador_Aleatorio/Proyecto_Final_Encriptador_Aleatorio/encriptador.vhd" sub00/vhpl40 1701287241
EN program_counter NULL "C:/Users/hamza/Desktop/PROYECTO ARQUITECTURA/Proyecto_Final_Encriptador_Aleatorio/Proyecto_Final_Encriptador_Aleatorio/program_counter.vhd" sub00/vhpl20 1701287221
EN stack_counter NULL "C:/Users/hamza/Desktop/PROYECTO ARQUITECTURA/Proyecto_Final_Encriptador_Aleatorio/Proyecto_Final_Encriptador_Aleatorio/stack_counter.vhd" sub00/vhpl30 1701287231
AR register_and_flag_enable low_level_definition "C:/Users/hamza/Desktop/PROYECTO ARQUITECTURA/Proyecto_Final_Encriptador_Aleatorio/Proyecto_Final_Encriptador_Aleatorio/register_and_flag_enable.vhd" sub00/vhpl15 1701287216
EN flip NULL "C:/Users/hamza/Desktop/PROYECTO ARQUITECTURA/Proyecto_Final_Encriptador_Aleatorio/Proyecto_Final_Encriptador_Aleatorio/flip.vhd" sub00/vhpl08 1701287207
AR io_strobe_logic low_level_definition "C:/Users/hamza/Desktop/PROYECTO ARQUITECTURA/Proyecto_Final_Encriptador_Aleatorio/Proyecto_Final_Encriptador_Aleatorio/IO_strobe_logic.vhd" sub00/vhpl01 1701287200
AR encriptador behavioral "C:/Users/hamza/Desktop/PROYECTO ARQUITECTURA/Proyecto_Final_Encriptador_Aleatorio/Proyecto_Final_Encriptador_Aleatorio/encriptador.vhd" sub00/vhpl41 1701287242
EN register_and_flag_enable NULL "C:/Users/hamza/Desktop/PROYECTO ARQUITECTURA/Proyecto_Final_Encriptador_Aleatorio/Proyecto_Final_Encriptador_Aleatorio/register_and_flag_enable.vhd" sub00/vhpl14 1701287215
EN toplevel NULL "C:/Users/hamza/Desktop/PROYECTO ARQUITECTURA/Proyecto_Final_Encriptador_Aleatorio/Proyecto_Final_Encriptador_Aleatorio/toplevel_helloworld_RAM_Int.vhd" sub00/vhpl44 1701287245
EN addsub8 NULL "C:/Users/hamza/Desktop/PROYECTO ARQUITECTURA/Proyecto_Final_Encriptador_Aleatorio/Proyecto_Final_Encriptador_Aleatorio/arithmatic.vhd" sub00/vhpl04 1701287203
AR ram_x1s behavioral "C:/Users/hamza/Desktop/PROYECTO ARQUITECTURA/Proyecto_Final_Encriptador_Aleatorio/Proyecto_Final_Encriptador_Aleatorio/stack_ram.vhd" sub00/vhpl29 1701287230
EN carry_flag_logic NULL "C:/Users/hamza/Desktop/PROYECTO ARQUITECTURA/Proyecto_Final_Encriptador_Aleatorio/Proyecto_Final_Encriptador_Aleatorio/carry_flag_logic.vhd" sub00/vhpl16 1701287217
EN interrupt_logic NULL "C:/Users/hamza/Desktop/PROYECTO ARQUITECTURA/Proyecto_Final_Encriptador_Aleatorio/Proyecto_Final_Encriptador_Aleatorio/interrupt_logic.vhd" sub00/vhpl34 1701287235
AR shift_rotate low_level_definition "C:/Users/hamza/Desktop/PROYECTO ARQUITECTURA/Proyecto_Final_Encriptador_Aleatorio/Proyecto_Final_Encriptador_Aleatorio/shift_rotate.vhd" sub00/vhpl07 1701287206
AR program_counter low_level_definition "C:/Users/hamza/Desktop/PROYECTO ARQUITECTURA/Proyecto_Final_Encriptador_Aleatorio/Proyecto_Final_Encriptador_Aleatorio/program_counter.vhd" sub00/vhpl21 1701287222
AR logical_bus_processing low_level_definition "C:/Users/hamza/Desktop/PROYECTO ARQUITECTURA/Proyecto_Final_Encriptador_Aleatorio/Proyecto_Final_Encriptador_Aleatorio/logical_bus_processing.vhd" sub00/vhpl11 1701287212
AR generadoraleatorio behavioral "C:/Users/hamza/Desktop/PROYECTO ARQUITECTURA/Proyecto_Final_Encriptador_Aleatorio/Proyecto_Final_Encriptador_Aleatorio/generadorAleatorio.vhd" sub00/vhpl43 1701287244
EN programa_helloworld_int_flip NULL "C:/Users/hamza/Desktop/PROYECTO ARQUITECTURA/Proyecto_Final_Encriptador_Aleatorio/Proyecto_Final_Encriptador_Aleatorio/programa_helloworld_int_FLIP.vhd" sub00/vhpl38 1701287239
EN stack_ram NULL "C:/Users/hamza/Desktop/PROYECTO ARQUITECTURA/Proyecto_Final_Encriptador_Aleatorio/Proyecto_Final_Encriptador_Aleatorio/stack_ram.vhd" sub00/vhpl26 1701287227
AR t_state_and_reset low_level_definition "C:/Users/hamza/Desktop/PROYECTO ARQUITECTURA/Proyecto_Final_Encriptador_Aleatorio/Proyecto_Final_Encriptador_Aleatorio/T_state_and_Reset.vhd" sub00/vhpl13 1701287214
AR ram_nx1 behavioral "C:/Users/hamza/Desktop/PROYECTO ARQUITECTURA/Proyecto_Final_Encriptador_Aleatorio/Proyecto_Final_Encriptador_Aleatorio/register_bank.vhd" sub00/vhpl25 1701287226
EN io_strobe_logic NULL "C:/Users/hamza/Desktop/PROYECTO ARQUITECTURA/Proyecto_Final_Encriptador_Aleatorio/Proyecto_Final_Encriptador_Aleatorio/IO_strobe_logic.vhd" sub00/vhpl00 1701287199
AR toplevel behavioral "C:/Users/hamza/Desktop/PROYECTO ARQUITECTURA/Proyecto_Final_Encriptador_Aleatorio/Proyecto_Final_Encriptador_Aleatorio/toplevel_helloworld_RAM_Int.vhd" sub00/vhpl45 1701287246
EN arithmetic_process NULL "C:/Users/hamza/Desktop/PROYECTO ARQUITECTURA/Proyecto_Final_Encriptador_Aleatorio/Proyecto_Final_Encriptador_Aleatorio/arithmatic.vhd" sub00/vhpl02 1701287201
AR interrupt_logic low_level_definition "C:/Users/hamza/Desktop/PROYECTO ARQUITECTURA/Proyecto_Final_Encriptador_Aleatorio/Proyecto_Final_Encriptador_Aleatorio/interrupt_logic.vhd" sub00/vhpl35 1701287236
AR interrupt_capture low_level_definition "C:/Users/hamza/Desktop/PROYECTO ARQUITECTURA/Proyecto_Final_Encriptador_Aleatorio/Proyecto_Final_Encriptador_Aleatorio/interrupt_capture.vhd" sub00/vhpl33 1701287234
EN ram_x1s NULL "C:/Users/hamza/Desktop/PROYECTO ARQUITECTURA/Proyecto_Final_Encriptador_Aleatorio/Proyecto_Final_Encriptador_Aleatorio/stack_ram.vhd" sub00/vhpl28 1701287229
AR tomy behavioral "C:/Users/hamza/Desktop/PROYECTO ARQUITECTURA/Proyecto_Final_Encriptador_Aleatorio/Proyecto_Final_Encriptador_Aleatorio/tomy.vhd" sub00/vhpl47 1701287210
EN t_state_and_reset NULL "C:/Users/hamza/Desktop/PROYECTO ARQUITECTURA/Proyecto_Final_Encriptador_Aleatorio/Proyecto_Final_Encriptador_Aleatorio/T_state_and_Reset.vhd" sub00/vhpl12 1701287213
EN generadoraleatorio NULL "C:/Users/hamza/Desktop/PROYECTO ARQUITECTURA/Proyecto_Final_Encriptador_Aleatorio/Proyecto_Final_Encriptador_Aleatorio/generadorAleatorio.vhd" sub00/vhpl42 1701287243
EN picoblaze NULL "C:/Users/hamza/Desktop/PROYECTO ARQUITECTURA/Proyecto_Final_Encriptador_Aleatorio/Proyecto_Final_Encriptador_Aleatorio/picoblaze.vhd" sub00/vhpl36 1701287237
AR zero_flag_logic low_level_definition "C:/Users/hamza/Desktop/PROYECTO ARQUITECTURA/Proyecto_Final_Encriptador_Aleatorio/Proyecto_Final_Encriptador_Aleatorio/zero_flag_logic.vhd" sub00/vhpl19 1701287220
EN zero_flag_logic NULL "C:/Users/hamza/Desktop/PROYECTO ARQUITECTURA/Proyecto_Final_Encriptador_Aleatorio/Proyecto_Final_Encriptador_Aleatorio/zero_flag_logic.vhd" sub00/vhpl18 1701287219
AR stack_counter low_level_definition "C:/Users/hamza/Desktop/PROYECTO ARQUITECTURA/Proyecto_Final_Encriptador_Aleatorio/Proyecto_Final_Encriptador_Aleatorio/stack_counter.vhd" sub00/vhpl31 1701287232
EN tomy NULL "C:/Users/hamza/Desktop/PROYECTO ARQUITECTURA/Proyecto_Final_Encriptador_Aleatorio/Proyecto_Final_Encriptador_Aleatorio/tomy.vhd" sub00/vhpl46 1701287209
EN interrupt_capture NULL "C:/Users/hamza/Desktop/PROYECTO ARQUITECTURA/Proyecto_Final_Encriptador_Aleatorio/Proyecto_Final_Encriptador_Aleatorio/interrupt_capture.vhd" sub00/vhpl32 1701287233
EN ram_nx1 NULL "C:/Users/hamza/Desktop/PROYECTO ARQUITECTURA/Proyecto_Final_Encriptador_Aleatorio/Proyecto_Final_Encriptador_Aleatorio/register_bank.vhd" sub00/vhpl24 1701287225
